// Jest Snapshot v1, https://goo.gl/fbAQLP

exports[`converts correctly: Zoom to Fit Camera 1`] = `
Object {
  "id": "static",
  "meta": Object {},
  "typeName": "camera",
  "x": 342.48696895870677,
  "y": 25.11817671538587,
  "z": 1.0230328107415567,
}
`;
